SQL> CREATE TABLE TITULACION
  2  T CHAR(4) PRIMARY KEY,
  3  FAC VARCHAR2(60);
T CHAR(4) PRIMARY KEY,
*
ERROR at line 2:
ORA-00922: missing or invalid option 


SQL> CREATE TABLE TITULACION
  2  T CHAR(4), PRIMARY KEY,
  3  FAC VARCHAR2(60);
T CHAR(4), PRIMARY KEY,
*
ERROR at line 2:
ORA-00922: missing or invalid option 


SQL> CREATE TABLE TITULACION
  2  (T CHAR(4) PRIMARY KEY,
  3  FAC VARCHAR2(60));

Table created.

SQL> INSERT INTO TITULACION(T)
  2  SELECT DISTINCT T
  3  FROM ASIGNATURA;

4 rows created.

SQL> SELECT *
  2  FROM TITULACION;

T    FAC                                                                        
---- ------------------------------------------------------------               
GF                                                                              
GM                                                                              
GII                                                                             
MII                                                                             

SQL> UPDATE TITULACION
  2  SET FAC=&facultad
  3  WHERE T=&titulacion;
Enter value for facultad: ESIT
old   2: SET FAC=&facultad
new   2: SET FAC=ESIT
Enter value for titulacion: 'GII' AND 'MII'
old   3: WHERE T=&titulacion
new   3: WHERE T='GII' AND 'MII'
WHERE T='GII' AND 'MII'
                      *
ERROR at line 3:
ORA-00920: invalid relational operator 


SQL> UPDATE TITULACION
  2  WHERE T=&titulacion;
Enter value for titulacion: 
SQL> UPDATE TITULACION
  2  SET FAC=&facultad
  3  WHERE T=&titulacion;
Enter value for facultad: ESIT
old   2: SET FAC=&facultad
new   2: SET FAC=ESIT
Enter value for titulacion: 'GII'
old   3: WHERE T=&titulacion
new   3: WHERE T='GII'
SET FAC=ESIT
        *
ERROR at line 2:
ORA-00904: "ESIT": invalid identifier 


SQL> UPDATE TITULACION
  2  SET FAC=&facultad
  3  WHERE T=&titulacion;
Enter value for facultad: 'ESIT'
old   2: SET FAC=&facultad
new   2: SET FAC='ESIT'
Enter value for titulacion: 'GII'
old   3: WHERE T=&titulacion
new   3: WHERE T='GII'

1 row updated.

SQL> UPDATE TITULACION
  2  SET FAC=&facultad
  3  WHERE T=&titulacion;
Enter value for facultad: 'ESIT'
old   2: SET FAC=&facultad
new   2: SET FAC='ESIT'
Enter value for titulacion: 'MII'
old   3: WHERE T=&titulacion
new   3: WHERE T='MII'

1 row updated.

SQL> UPDATE TITULACION
  2  WHERE T=&titulacion;
Enter value for titulacion: 
SQL> UPDATE TITULACION
  2  SET FAC=&facultad
  3  WHERE T=&titulacion;
Enter value for facultad: 'FC'
old   2: SET FAC=&facultad
new   2: SET FAC='FC'
Enter value for titulacion: 'GF' || 'GM'
old   3: WHERE T=&titulacion
new   3: WHERE T='GF' || 'GM'

0 rows updated.

SQL> SELECT * FROM TITULACION
  2  ;

T    FAC                                                                        
---- ------------------------------------------------------------               
GF                                                                              
GM                                                                              
GII  ESIT                                                                       
MII  ESIT                                                                       

SQL> UPDATE TITULACION
  2  SET FAC=&facultad
  3  WHERE T=&titulacion;
Enter value for facultad: 'FC'
old   2: SET FAC=&facultad
new   2: SET FAC='FC'
Enter value for titulacion: 'GF' && 'GM'
old   3: WHERE T=&titulacion
new   3: WHERE T='GF' && 'GM'
WHERE T='GF' && 'GM'
             *
ERROR at line 3:
ORA-00933: SQL command not properly ended 


SQL> UPDATE TITULACION
  2  SET FAC=&facultad
  3  WHERE T=&titulacion;
Enter value for facultad: 'FC'
old   2: SET FAC=&facultad
new   2: SET FAC='FC'
Enter value for titulacion: 'GF'
old   3: WHERE T=&titulacion
new   3: WHERE T='GF'

1 row updated.

SQL> UPDATE TITULACION
  2  SET FAC=&facultad
  3  WHERE T=&titulacion;
Enter value for facultad: 'FC'
old   2: SET FAC=&facultad
new   2: SET FAC='FC'
Enter value for titulacion: 'GM'
old   3: WHERE T=&titulacion
new   3: WHERE T='GM'

1 row updated.

SQL> CREATE SYNONYM TIT
  2  FOR TITULACION;

Synonym created.

SQL> SELECT *
  2  FROM TIT;

T    FAC                                                                        
---- ------------------------------------------------------------               
GF   FC                                                                         
GM   FC                                                                         
GII  ESIT                                                                       
MII  ESIT                                                                       

SQL> ALTER TABLE ASIGNATURA
  2  ADD (CONSTRAINT FK_ASIGNATURA_TITULACION
  3  FOREIGN KEY (T)
  4  REFERENCES TITULACION (T)
  5  ON DELETE CASCADE);

Table altered.

SQL> ALTER TABLE TITULACION
  2  MODIFY T CHAR(6);
ALTER TABLE TITULACION
*
ERROR at line 1:
ORA-02292: integrity constraint (ALU0100888157.FK_ASIGNATURA_TITULACION) 
violated - child record found 


SQL> ALTER TABLE ASIGNATURA
  2  DISABLE CONSTRAINT FK_ASIGNATURA_TITULACION;

Table altered.

SQL> ALTER TABLE TITULACION
  2  MODIFY T CHAR(6);

Table altered.

SQL> ALTER TABLE ASIGNATURA
  2  ENABLE CONSTRAINT FK_ASIGNATURA_TITULACION;

Table altered.

SQL> CREATE VIEW VISTA1
  2  AS SELECT CAS,A,T,CUR,CAR
  3  FROM ASIGNATURA;

View created.

SQL> SELECT *
  2  FROM VISTA1;

       CAS A                                                  T           CUR   
---------- -------------------------------------------------- ---- ----------   
       CAR                                                                      
----------                                                                      
         1 BASES DE DATOS                                     GII           3   
         7                                                                      
                                                                                
         2 INTELIGENCIA ARTIFICIAL                            GII           3   
         4                                                                      
                                                                                
         3 ALMACENES DE DATOS                                 MII           1   
         7                                                                      
                                                                                

       CAS A                                                  T           CUR   
---------- -------------------------------------------------- ---- ----------   
       CAR                                                                      
----------                                                                      
         4 MINERIA DE DATOS                                   MII           1   
         7                                                                      
                                                                                
         5 INFORMATICA BASICA                                 GII           1   
         7                                                                      
                                                                                
         6 ALGEBRA                                            GII           1   
         1                                                                      
                                                                                

       CAS A                                                  T           CUR   
---------- -------------------------------------------------- ---- ----------   
       CAR                                                                      
----------                                                                      
         7 CALCULO                                            GII           1   
         8                                                                      
                                                                                
         8 OPTIMIZACION                                       GII           1   
         6                                                                      
                                                                                
         9 GESTION DE RIESGOS                                 GII           3   
         4                                                                      
                                                                                

       CAS A                                                  T           CUR   
---------- -------------------------------------------------- ---- ----------   
       CAR                                                                      
----------                                                                      
        10 ASTRONOMIA                                         GF            2   
         3                                                                      
                                                                                
        11 ENSENANZA DE LA MATEMATICA                         GM            2   
         5                                                                      
                                                                                
        12 ANALISIS COMPLEJO                                  GM            4   
         2                                                                      
                                                                                

12 rows selected.

SQL> INSERT INTO VISTA1
  2  VALUES(13,'ESTADISTICA','GII',3,7);
INSERT INTO VISTA1
*
ERROR at line 1:
ORA-02291: integrity constraint (ALU0100888157.FK_ASIGNATURA_TITULACION) 
violated - parent key not found 


SQL> ALTER TABLE ASIGNATURA
  2  DISABLE CONSTRAINT FK_ASIGNATURA_TITULACION;

Table altered.

SQL> FROM VISTA1;
SP2-0734: unknown command beginning "FROM VISTA..." - rest of line ignored.
SQL> VALUES(13,'ESTADISTICA','GII',3,7);
SP2-0734: unknown command beginning "VALUES(13,..." - rest of line ignored.
SQL> ALTER TABLE ASIGNATURA
  2  ENABLE CONSTRAINT FK_ASIGNATURA_TITULACION;

Table altered.

SQL> SELECT * FROM VISTA1;

       CAS A                                                  T           CUR   
---------- -------------------------------------------------- ---- ----------   
       CAR                                                                      
----------                                                                      
         1 BASES DE DATOS                                     GII           3   
         7                                                                      
                                                                                
         2 INTELIGENCIA ARTIFICIAL                            GII           3   
         4                                                                      
                                                                                
         3 ALMACENES DE DATOS                                 MII           1   
         7                                                                      
                                                                                

       CAS A                                                  T           CUR   
---------- -------------------------------------------------- ---- ----------   
       CAR                                                                      
----------                                                                      
         4 MINERIA DE DATOS                                   MII           1   
         7                                                                      
                                                                                
         5 INFORMATICA BASICA                                 GII           1   
         7                                                                      
                                                                                
         6 ALGEBRA                                            GII           1   
         1                                                                      
                                                                                

       CAS A                                                  T           CUR   
---------- -------------------------------------------------- ---- ----------   
       CAR                                                                      
----------                                                                      
         7 CALCULO                                            GII           1   
         8                                                                      
                                                                                
         8 OPTIMIZACION                                       GII           1   
         6                                                                      
                                                                                
         9 GESTION DE RIESGOS                                 GII           3   
         4                                                                      
                                                                                

       CAS A                                                  T           CUR   
---------- -------------------------------------------------- ---- ----------   
       CAR                                                                      
----------                                                                      
        10 ASTRONOMIA                                         GF            2   
         3                                                                      
                                                                                
        11 ENSENANZA DE LA MATEMATICA                         GM            2   
         5                                                                      
                                                                                
        12 ANALISIS COMPLEJO                                  GM            4   
         2                                                                      
                                                                                

12 rows selected.

SQL> SELECT * FROM ASIGNATURA;

       CAS A                                                  T           CUR   
---------- -------------------------------------------------- ---- ----------   
       CAR         CT         CP         CL                                     
---------- ---------- ---------- ----------                                     
         1 BASES DE DATOS                                     GII           3   
         7          3        1.5        1.5                                     
                                                                                
         2 INTELIGENCIA ARTIFICIAL                            GII           3   
         4        1.5        1.5          3                                     
                                                                                
         3 ALMACENES DE DATOS                                 MII           1   
         7        1.5          0        1.5                                     
                                                                                

       CAS A                                                  T           CUR   
---------- -------------------------------------------------- ---- ----------   
       CAR         CT         CP         CL                                     
---------- ---------- ---------- ----------                                     
         4 MINERIA DE DATOS                                   MII           1   
         7        1.5          0        1.5                                     
                                                                                
         5 INFORMATICA BASICA                                 GII           1   
         7          3        1.5        1.5                                     
                                                                                
         6 ALGEBRA                                            GII           1   
         1          3          3          0                                     
                                                                                

       CAS A                                                  T           CUR   
---------- -------------------------------------------------- ---- ----------   
       CAR         CT         CP         CL                                     
---------- ---------- ---------- ----------                                     
         7 CALCULO                                            GII           1   
         8          3          3          0                                     
                                                                                
         8 OPTIMIZACION                                       GII           1   
         6          3        1.5        1.5                                     
                                                                                
         9 GESTION DE RIESGOS                                 GII           3   
         4          3          0          3                                     
                                                                                

       CAS A                                                  T           CUR   
---------- -------------------------------------------------- ---- ----------   
       CAR         CT         CP         CL                                     
---------- ---------- ---------- ----------                                     
        10 ASTRONOMIA                                         GF            2   
         3          3        1.5        1.5                                     
                                                                                
        11 ENSENANZA DE LA MATEMATICA                         GM            2   
         5          6          0          0                                     
                                                                                
        12 ANALISIS COMPLEJO                                  GM            4   
         2        4.5          3          0                                     
                                                                                

12 rows selected.

SQL> ALTER TABLE ASIGNATURA
  2  DISABLE CONSTRAINT FK_ASIGNATURA_TITULACION;

Table altered.

SQL> INSERT INTO VISTA1;
INSERT INTO VISTA1
                 *
ERROR at line 1:
ORA-00926: missing VALUES keyword 


SQL> INSERT INTO VISTA1
  2  VALUES(13,'ESTADISTICA','GII',3,7);

1 row created.

SQL> ALTER TABLE ASIGNATURA
  2  ENABLE CONSTRAINT FK_ASIGNATURA_TITULACION;

Table altered.

SQL> SELECT * FROM VISTA1;

       CAS A                                                  T           CUR   
---------- -------------------------------------------------- ---- ----------   
       CAR                                                                      
----------                                                                      
         1 BASES DE DATOS                                     GII           3   
         7                                                                      
                                                                                
         2 INTELIGENCIA ARTIFICIAL                            GII           3   
         4                                                                      
                                                                                
         3 ALMACENES DE DATOS                                 MII           1   
         7                                                                      
                                                                                

       CAS A                                                  T           CUR   
---------- -------------------------------------------------- ---- ----------   
       CAR                                                                      
----------                                                                      
         4 MINERIA DE DATOS                                   MII           1   
         7                                                                      
                                                                                
         5 INFORMATICA BASICA                                 GII           1   
         7                                                                      
                                                                                
         6 ALGEBRA                                            GII           1   
         1                                                                      
                                                                                

       CAS A                                                  T           CUR   
---------- -------------------------------------------------- ---- ----------   
       CAR                                                                      
----------                                                                      
         7 CALCULO                                            GII           1   
         8                                                                      
                                                                                
         8 OPTIMIZACION                                       GII           1   
         6                                                                      
                                                                                
         9 GESTION DE RIESGOS                                 GII           3   
         4                                                                      
                                                                                

       CAS A                                                  T           CUR   
---------- -------------------------------------------------- ---- ----------   
       CAR                                                                      
----------                                                                      
        10 ASTRONOMIA                                         GF            2   
         3                                                                      
                                                                                
        11 ENSENANZA DE LA MATEMATICA                         GM            2   
         5                                                                      
                                                                                
        12 ANALISIS COMPLEJO                                  GM            4   
         2                                                                      
                                                                                

       CAS A                                                  T           CUR   
---------- -------------------------------------------------- ---- ----------   
       CAR                                                                      
----------                                                                      
        13 ESTADISTICA                                        GII           3   
         7                                                                      
                                                                                

13 rows selected.

SQL> SELECT * FROM ASIGNATURA;

       CAS A                                                  T           CUR   
---------- -------------------------------------------------- ---- ----------   
       CAR         CT         CP         CL                                     
---------- ---------- ---------- ----------                                     
         1 BASES DE DATOS                                     GII           3   
         7          3        1.5        1.5                                     
                                                                                
         2 INTELIGENCIA ARTIFICIAL                            GII           3   
         4        1.5        1.5          3                                     
                                                                                
         3 ALMACENES DE DATOS                                 MII           1   
         7        1.5          0        1.5                                     
                                                                                

       CAS A                                                  T           CUR   
---------- -------------------------------------------------- ---- ----------   
       CAR         CT         CP         CL                                     
---------- ---------- ---------- ----------                                     
         4 MINERIA DE DATOS                                   MII           1   
         7        1.5          0        1.5                                     
                                                                                
         5 INFORMATICA BASICA                                 GII           1   
         7          3        1.5        1.5                                     
                                                                                
         6 ALGEBRA                                            GII           1   
         1          3          3          0                                     
                                                                                

       CAS A                                                  T           CUR   
---------- -------------------------------------------------- ---- ----------   
       CAR         CT         CP         CL                                     
---------- ---------- ---------- ----------                                     
         7 CALCULO                                            GII           1   
         8          3          3          0                                     
                                                                                
         8 OPTIMIZACION                                       GII           1   
         6          3        1.5        1.5                                     
                                                                                
         9 GESTION DE RIESGOS                                 GII           3   
         4          3          0          3                                     
                                                                                

       CAS A                                                  T           CUR   
---------- -------------------------------------------------- ---- ----------   
       CAR         CT         CP         CL                                     
---------- ---------- ---------- ----------                                     
        10 ASTRONOMIA                                         GF            2   
         3          3        1.5        1.5                                     
                                                                                
        11 ENSENANZA DE LA MATEMATICA                         GM            2   
         5          6          0          0                                     
                                                                                
        12 ANALISIS COMPLEJO                                  GM            4   
         2        4.5          3          0                                     
                                                                                

       CAS A                                                  T           CUR   
---------- -------------------------------------------------- ---- ----------   
       CAR         CT         CP         CL                                     
---------- ---------- ---------- ----------                                     
        13 ESTADISTICA                                        GII           3   
         7          0          0          0                                     
                                                                                

13 rows selected.

SQL> UPDATE VISTA1
  2  SET CAR=6 WHERE CAS=13;

1 row updated.

SQL> SELECT * FROM VISTA1;

       CAS A                                                  T           CUR   
---------- -------------------------------------------------- ---- ----------   
       CAR                                                                      
----------                                                                      
         1 BASES DE DATOS                                     GII           3   
         7                                                                      
                                                                                
         2 INTELIGENCIA ARTIFICIAL                            GII           3   
         4                                                                      
                                                                                
         3 ALMACENES DE DATOS                                 MII           1   
         7                                                                      
                                                                                

       CAS A                                                  T           CUR   
---------- -------------------------------------------------- ---- ----------   
       CAR                                                                      
----------                                                                      
         4 MINERIA DE DATOS                                   MII           1   
         7                                                                      
                                                                                
         5 INFORMATICA BASICA                                 GII           1   
         7                                                                      
                                                                                
         6 ALGEBRA                                            GII           1   
         1                                                                      
                                                                                

       CAS A                                                  T           CUR   
---------- -------------------------------------------------- ---- ----------   
       CAR                                                                      
----------                                                                      
         7 CALCULO                                            GII           1   
         8                                                                      
                                                                                
         8 OPTIMIZACION                                       GII           1   
         6                                                                      
                                                                                
         9 GESTION DE RIESGOS                                 GII           3   
         4                                                                      
                                                                                

       CAS A                                                  T           CUR   
---------- -------------------------------------------------- ---- ----------   
       CAR                                                                      
----------                                                                      
        10 ASTRONOMIA                                         GF            2   
         3                                                                      
                                                                                
        11 ENSENANZA DE LA MATEMATICA                         GM            2   
         5                                                                      
                                                                                
        12 ANALISIS COMPLEJO                                  GM            4   
         2                                                                      
                                                                                

       CAS A                                                  T           CUR   
---------- -------------------------------------------------- ---- ----------   
       CAR                                                                      
----------                                                                      
        13 ESTADISTICA                                        GII           3   
         6                                                                      
                                                                                

13 rows selected.

SQL> SELECT * FROM ASIGNATURA;

       CAS A                                                  T           CUR   
---------- -------------------------------------------------- ---- ----------   
       CAR         CT         CP         CL                                     
---------- ---------- ---------- ----------                                     
         1 BASES DE DATOS                                     GII           3   
         7          3        1.5        1.5                                     
                                                                                
         2 INTELIGENCIA ARTIFICIAL                            GII           3   
         4        1.5        1.5          3                                     
                                                                                
         3 ALMACENES DE DATOS                                 MII           1   
         7        1.5          0        1.5                                     
                                                                                

       CAS A                                                  T           CUR   
---------- -------------------------------------------------- ---- ----------   
       CAR         CT         CP         CL                                     
---------- ---------- ---------- ----------                                     
         4 MINERIA DE DATOS                                   MII           1   
         7        1.5          0        1.5                                     
                                                                                
         5 INFORMATICA BASICA                                 GII           1   
         7          3        1.5        1.5                                     
                                                                                
         6 ALGEBRA                                            GII           1   
         1          3          3          0                                     
                                                                                

       CAS A                                                  T           CUR   
---------- -------------------------------------------------- ---- ----------   
       CAR         CT         CP         CL                                     
---------- ---------- ---------- ----------                                     
         7 CALCULO                                            GII           1   
         8          3          3          0                                     
                                                                                
         8 OPTIMIZACION                                       GII           1   
         6          3        1.5        1.5                                     
                                                                                
         9 GESTION DE RIESGOS                                 GII           3   
         4          3          0          3                                     
                                                                                

       CAS A                                                  T           CUR   
---------- -------------------------------------------------- ---- ----------   
       CAR         CT         CP         CL                                     
---------- ---------- ---------- ----------                                     
        10 ASTRONOMIA                                         GF            2   
         3          3        1.5        1.5                                     
                                                                                
        11 ENSENANZA DE LA MATEMATICA                         GM            2   
         5          6          0          0                                     
                                                                                
        12 ANALISIS COMPLEJO                                  GM            4   
         2        4.5          3          0                                     
                                                                                

       CAS A                                                  T           CUR   
---------- -------------------------------------------------- ---- ----------   
       CAR         CT         CP         CL                                     
---------- ---------- ---------- ----------                                     
        13 ESTADISTICA                                        GII           3   
         6          0          0          0                                     
                                                                                

13 rows selected.

SQL> CREATE VIEW VISTA2
  2  AS SELECT DISTINCT(DNI),A,T,CUR,CAR
  3  FROM PLAN_DOCENTE NATURAL JOIN VISTA1;

View created.

SQL> SELECT * FROM VISTA2;

       DNI A                                                  T           CUR   
---------- -------------------------------------------------- ---- ----------   
       CAR                                                                      
----------                                                                      
      6666 ASTRONOMIA                                         GF            2   
         3                                                                      
                                                                                
      4444 INFORMATICA BASICA                                 GII           1   
         7                                                                      
                                                                                
      3030 OPTIMIZACION                                       GII           1   
         6                                                                      
                                                                                

       DNI A                                                  T           CUR   
---------- -------------------------------------------------- ---- ----------   
       CAR                                                                      
----------                                                                      
      3333 GESTION DE RIESGOS                                 GII           3   
         4                                                                      
                                                                                
      2222 ALMACENES DE DATOS                                 MII           1   
         7                                                                      
                                                                                
      9999 CALCULO                                            GII           1   
         8                                                                      
                                                                                

       DNI A                                                  T           CUR   
---------- -------------------------------------------------- ---- ----------   
       CAR                                                                      
----------                                                                      
      7777 ANALISIS COMPLEJO                                  GM            4   
         2                                                                      
                                                                                
      3333 INTELIGENCIA ARTIFICIAL                            GII           3   
         4                                                                      
                                                                                
      4444 MINERIA DE DATOS                                   MII           1   
         7                                                                      
                                                                                

       DNI A                                                  T           CUR   
---------- -------------------------------------------------- ---- ----------   
       CAR                                                                      
----------                                                                      
      1010 GESTION DE RIESGOS                                 GII           3   
         4                                                                      
                                                                                
      8888 ENSENANZA DE LA MATEMATICA                         GM            2   
         5                                                                      
                                                                                
      4444 BASES DE DATOS                                     GII           3   
         7                                                                      
                                                                                

       DNI A                                                  T           CUR   
---------- -------------------------------------------------- ---- ----------   
       CAR                                                                      
----------                                                                      
      5555 ALGEBRA                                            GII           1   
         1                                                                      
                                                                                
      1111 OPTIMIZACION                                       GII           1   
         6                                                                      
                                                                                
      1010 INTELIGENCIA ARTIFICIAL                            GII           3   
         4                                                                      
                                                                                

       DNI A                                                  T           CUR   
---------- -------------------------------------------------- ---- ----------   
       CAR                                                                      
----------                                                                      
      2020 ALMACENES DE DATOS                                 MII           1   
         7                                                                      
                                                                                
      2222 MINERIA DE DATOS                                   MII           1   
         7                                                                      
                                                                                

17 rows selected.

SQL> UPDATE VISTA2
  2  SET A='SISTEMAS INTELIGENTES' WHERE A='BASE DE DATOS';
UPDATE VISTA2
       *
ERROR at line 1:
ORA-01732: data manipulation operation not legal on this view 


SQL> SELECT * FROM ALL_VIEWS
  2  WHERE VIEW_NAME LIKE 'VISTA2';

OWNER                                                                           
--------------------------------------------------------------------------------
VIEW_NAME                                                                       
--------------------------------------------------------------------------------
TEXT_LENGTH                                                                     
-----------                                                                     
TEXT                                                                            
--------------------------------------------------------------------------------
TEXT_VC                                                                         
--------------------------------------------------------------------------------
TYPE_TEXT_LENGTH                                                                
----------------                                                                
TYPE_TEXT                                                                       
--------------------------------------------------------------------------------
OID_TEXT_LENGTH                                                                 
---------------                                                                 
OID_TEXT                                                                        
--------------------------------------------------------------------------------
VIEW_TYPE_OWNER                                                                 
--------------------------------------------------------------------------------
VIEW_TYPE                                                                       
--------------------------------------------------------------------------------
SUPERVIEW_NAME                                                                  
--------------------------------------------------------------------------------
E R C BEQUEATH     ORIGIN_CON_ID                                                
- - - ------------ -------------                                                
DEFAULT_COLLATION                                                               
--------------------------------------------------------------------------------
CON CON EXT EXT                                                                 
--- --- --- ---                                                                 
ALU0100888157                                                                   

OWNER                                                                           
--------------------------------------------------------------------------------
VIEW_NAME                                                                       
--------------------------------------------------------------------------------
TEXT_LENGTH                                                                     
-----------                                                                     
TEXT                                                                            
--------------------------------------------------------------------------------
TEXT_VC                                                                         
--------------------------------------------------------------------------------
TYPE_TEXT_LENGTH                                                                
----------------                                                                
TYPE_TEXT                                                                       
--------------------------------------------------------------------------------
OID_TEXT_LENGTH                                                                 
---------------                                                                 
OID_TEXT                                                                        
--------------------------------------------------------------------------------
VIEW_TYPE_OWNER                                                                 
--------------------------------------------------------------------------------
VIEW_TYPE                                                                       
--------------------------------------------------------------------------------
SUPERVIEW_NAME                                                                  
--------------------------------------------------------------------------------
E R C BEQUEATH     ORIGIN_CON_ID                                                
- - - ------------ -------------                                                
DEFAULT_COLLATION                                                               
--------------------------------------------------------------------------------
CON CON EXT EXT                                                                 
--- --- --- ---                                                                 
VISTA2                                                                          

OWNER                                                                           
--------------------------------------------------------------------------------
VIEW_NAME                                                                       
--------------------------------------------------------------------------------
TEXT_LENGTH                                                                     
-----------                                                                     
TEXT                                                                            
--------------------------------------------------------------------------------
TEXT_VC                                                                         
--------------------------------------------------------------------------------
TYPE_TEXT_LENGTH                                                                
----------------                                                                
TYPE_TEXT                                                                       
--------------------------------------------------------------------------------
OID_TEXT_LENGTH                                                                 
---------------                                                                 
OID_TEXT                                                                        
--------------------------------------------------------------------------------
VIEW_TYPE_OWNER                                                                 
--------------------------------------------------------------------------------
VIEW_TYPE                                                                       
--------------------------------------------------------------------------------
SUPERVIEW_NAME                                                                  
--------------------------------------------------------------------------------
E R C BEQUEATH     ORIGIN_CON_ID                                                
- - - ------------ -------------                                                
DEFAULT_COLLATION                                                               
--------------------------------------------------------------------------------
CON CON EXT EXT                                                                 
--- --- --- ---                                                                 
         70                                                                     

OWNER                                                                           
--------------------------------------------------------------------------------
VIEW_NAME                                                                       
--------------------------------------------------------------------------------
TEXT_LENGTH                                                                     
-----------                                                                     
TEXT                                                                            
--------------------------------------------------------------------------------
TEXT_VC                                                                         
--------------------------------------------------------------------------------
TYPE_TEXT_LENGTH                                                                
----------------                                                                
TYPE_TEXT                                                                       
--------------------------------------------------------------------------------
OID_TEXT_LENGTH                                                                 
---------------                                                                 
OID_TEXT                                                                        
--------------------------------------------------------------------------------
VIEW_TYPE_OWNER                                                                 
--------------------------------------------------------------------------------
VIEW_TYPE                                                                       
--------------------------------------------------------------------------------
SUPERVIEW_NAME                                                                  
--------------------------------------------------------------------------------
E R C BEQUEATH     ORIGIN_CON_ID                                                
- - - ------------ -------------                                                
DEFAULT_COLLATION                                                               
--------------------------------------------------------------------------------
CON CON EXT EXT                                                                 
--- --- --- ---                                                                 
SELECT DISTINCT(DNI),A,T,CUR,CAR                                                

OWNER                                                                           
--------------------------------------------------------------------------------
VIEW_NAME                                                                       
--------------------------------------------------------------------------------
TEXT_LENGTH                                                                     
-----------                                                                     
TEXT                                                                            
--------------------------------------------------------------------------------
TEXT_VC                                                                         
--------------------------------------------------------------------------------
TYPE_TEXT_LENGTH                                                                
----------------                                                                
TYPE_TEXT                                                                       
--------------------------------------------------------------------------------
OID_TEXT_LENGTH                                                                 
---------------                                                                 
OID_TEXT                                                                        
--------------------------------------------------------------------------------
VIEW_TYPE_OWNER                                                                 
--------------------------------------------------------------------------------
VIEW_TYPE                                                                       
--------------------------------------------------------------------------------
SUPERVIEW_NAME                                                                  
--------------------------------------------------------------------------------
E R C BEQUEATH     ORIGIN_CON_ID                                                
- - - ------------ -------------                                                
DEFAULT_COLLATION                                                               
--------------------------------------------------------------------------------
CON CON EXT EXT                                                                 
--- --- --- ---                                                                 
FROM PLAN_DOCENTE NATURAL JOIN VISTA1                                           

OWNER                                                                           
--------------------------------------------------------------------------------
VIEW_NAME                                                                       
--------------------------------------------------------------------------------
TEXT_LENGTH                                                                     
-----------                                                                     
TEXT                                                                            
--------------------------------------------------------------------------------
TEXT_VC                                                                         
--------------------------------------------------------------------------------
TYPE_TEXT_LENGTH                                                                
----------------                                                                
TYPE_TEXT                                                                       
--------------------------------------------------------------------------------
OID_TEXT_LENGTH                                                                 
---------------                                                                 
OID_TEXT                                                                        
--------------------------------------------------------------------------------
VIEW_TYPE_OWNER                                                                 
--------------------------------------------------------------------------------
VIEW_TYPE                                                                       
--------------------------------------------------------------------------------
SUPERVIEW_NAME                                                                  
--------------------------------------------------------------------------------
E R C BEQUEATH     ORIGIN_CON_ID                                                
- - - ------------ -------------                                                
DEFAULT_COLLATION                                                               
--------------------------------------------------------------------------------
CON CON EXT EXT                                                                 
--- --- --- ---                                                                 
SELECT DISTINCT(DNI),A,T,CUR,CAR                                                

OWNER                                                                           
--------------------------------------------------------------------------------
VIEW_NAME                                                                       
--------------------------------------------------------------------------------
TEXT_LENGTH                                                                     
-----------                                                                     
TEXT                                                                            
--------------------------------------------------------------------------------
TEXT_VC                                                                         
--------------------------------------------------------------------------------
TYPE_TEXT_LENGTH                                                                
----------------                                                                
TYPE_TEXT                                                                       
--------------------------------------------------------------------------------
OID_TEXT_LENGTH                                                                 
---------------                                                                 
OID_TEXT                                                                        
--------------------------------------------------------------------------------
VIEW_TYPE_OWNER                                                                 
--------------------------------------------------------------------------------
VIEW_TYPE                                                                       
--------------------------------------------------------------------------------
SUPERVIEW_NAME                                                                  
--------------------------------------------------------------------------------
E R C BEQUEATH     ORIGIN_CON_ID                                                
- - - ------------ -------------                                                
DEFAULT_COLLATION                                                               
--------------------------------------------------------------------------------
CON CON EXT EXT                                                                 
--- --- --- ---                                                                 
FROM PLAN_DOCENTE NATURAL JOIN VISTA1                                           

OWNER                                                                           
--------------------------------------------------------------------------------
VIEW_NAME                                                                       
--------------------------------------------------------------------------------
TEXT_LENGTH                                                                     
-----------                                                                     
TEXT                                                                            
--------------------------------------------------------------------------------
TEXT_VC                                                                         
--------------------------------------------------------------------------------
TYPE_TEXT_LENGTH                                                                
----------------                                                                
TYPE_TEXT                                                                       
--------------------------------------------------------------------------------
OID_TEXT_LENGTH                                                                 
---------------                                                                 
OID_TEXT                                                                        
--------------------------------------------------------------------------------
VIEW_TYPE_OWNER                                                                 
--------------------------------------------------------------------------------
VIEW_TYPE                                                                       
--------------------------------------------------------------------------------
SUPERVIEW_NAME                                                                  
--------------------------------------------------------------------------------
E R C BEQUEATH     ORIGIN_CON_ID                                                
- - - ------------ -------------                                                
DEFAULT_COLLATION                                                               
--------------------------------------------------------------------------------
CON CON EXT EXT                                                                 
--- --- --- ---                                                                 
                                                                                

OWNER                                                                           
--------------------------------------------------------------------------------
VIEW_NAME                                                                       
--------------------------------------------------------------------------------
TEXT_LENGTH                                                                     
-----------                                                                     
TEXT                                                                            
--------------------------------------------------------------------------------
TEXT_VC                                                                         
--------------------------------------------------------------------------------
TYPE_TEXT_LENGTH                                                                
----------------                                                                
TYPE_TEXT                                                                       
--------------------------------------------------------------------------------
OID_TEXT_LENGTH                                                                 
---------------                                                                 
OID_TEXT                                                                        
--------------------------------------------------------------------------------
VIEW_TYPE_OWNER                                                                 
--------------------------------------------------------------------------------
VIEW_TYPE                                                                       
--------------------------------------------------------------------------------
SUPERVIEW_NAME                                                                  
--------------------------------------------------------------------------------
E R C BEQUEATH     ORIGIN_CON_ID                                                
- - - ------------ -------------                                                
DEFAULT_COLLATION                                                               
--------------------------------------------------------------------------------
CON CON EXT EXT                                                                 
--- --- --- ---                                                                 
                                                                                

OWNER                                                                           
--------------------------------------------------------------------------------
VIEW_NAME                                                                       
--------------------------------------------------------------------------------
TEXT_LENGTH                                                                     
-----------                                                                     
TEXT                                                                            
--------------------------------------------------------------------------------
TEXT_VC                                                                         
--------------------------------------------------------------------------------
TYPE_TEXT_LENGTH                                                                
----------------                                                                
TYPE_TEXT                                                                       
--------------------------------------------------------------------------------
OID_TEXT_LENGTH                                                                 
---------------                                                                 
OID_TEXT                                                                        
--------------------------------------------------------------------------------
VIEW_TYPE_OWNER                                                                 
--------------------------------------------------------------------------------
VIEW_TYPE                                                                       
--------------------------------------------------------------------------------
SUPERVIEW_NAME                                                                  
--------------------------------------------------------------------------------
E R C BEQUEATH     ORIGIN_CON_ID                                                
- - - ------------ -------------                                                
DEFAULT_COLLATION                                                               
--------------------------------------------------------------------------------
CON CON EXT EXT                                                                 
--- --- --- ---                                                                 
                                                                                

OWNER                                                                           
--------------------------------------------------------------------------------
VIEW_NAME                                                                       
--------------------------------------------------------------------------------
TEXT_LENGTH                                                                     
-----------                                                                     
TEXT                                                                            
--------------------------------------------------------------------------------
TEXT_VC                                                                         
--------------------------------------------------------------------------------
TYPE_TEXT_LENGTH                                                                
----------------                                                                
TYPE_TEXT                                                                       
--------------------------------------------------------------------------------
OID_TEXT_LENGTH                                                                 
---------------                                                                 
OID_TEXT                                                                        
--------------------------------------------------------------------------------
VIEW_TYPE_OWNER                                                                 
--------------------------------------------------------------------------------
VIEW_TYPE                                                                       
--------------------------------------------------------------------------------
SUPERVIEW_NAME                                                                  
--------------------------------------------------------------------------------
E R C BEQUEATH     ORIGIN_CON_ID                                                
- - - ------------ -------------                                                
DEFAULT_COLLATION                                                               
--------------------------------------------------------------------------------
CON CON EXT EXT                                                                 
--- --- --- ---                                                                 
                                                                                

OWNER                                                                           
--------------------------------------------------------------------------------
VIEW_NAME                                                                       
--------------------------------------------------------------------------------
TEXT_LENGTH                                                                     
-----------                                                                     
TEXT                                                                            
--------------------------------------------------------------------------------
TEXT_VC                                                                         
--------------------------------------------------------------------------------
TYPE_TEXT_LENGTH                                                                
----------------                                                                
TYPE_TEXT                                                                       
--------------------------------------------------------------------------------
OID_TEXT_LENGTH                                                                 
---------------                                                                 
OID_TEXT                                                                        
--------------------------------------------------------------------------------
VIEW_TYPE_OWNER                                                                 
--------------------------------------------------------------------------------
VIEW_TYPE                                                                       
--------------------------------------------------------------------------------
SUPERVIEW_NAME                                                                  
--------------------------------------------------------------------------------
E R C BEQUEATH     ORIGIN_CON_ID                                                
- - - ------------ -------------                                                
DEFAULT_COLLATION                                                               
--------------------------------------------------------------------------------
CON CON EXT EXT                                                                 
--- --- --- ---                                                                 
                                                                                

OWNER                                                                           
--------------------------------------------------------------------------------
VIEW_NAME                                                                       
--------------------------------------------------------------------------------
TEXT_LENGTH                                                                     
-----------                                                                     
TEXT                                                                            
--------------------------------------------------------------------------------
TEXT_VC                                                                         
--------------------------------------------------------------------------------
TYPE_TEXT_LENGTH                                                                
----------------                                                                
TYPE_TEXT                                                                       
--------------------------------------------------------------------------------
OID_TEXT_LENGTH                                                                 
---------------                                                                 
OID_TEXT                                                                        
--------------------------------------------------------------------------------
VIEW_TYPE_OWNER                                                                 
--------------------------------------------------------------------------------
VIEW_TYPE                                                                       
--------------------------------------------------------------------------------
SUPERVIEW_NAME                                                                  
--------------------------------------------------------------------------------
E R C BEQUEATH     ORIGIN_CON_ID                                                
- - - ------------ -------------                                                
DEFAULT_COLLATION                                                               
--------------------------------------------------------------------------------
CON CON EXT EXT                                                                 
--- --- --- ---                                                                 
                                                                                

OWNER                                                                           
--------------------------------------------------------------------------------
VIEW_NAME                                                                       
--------------------------------------------------------------------------------
TEXT_LENGTH                                                                     
-----------                                                                     
TEXT                                                                            
--------------------------------------------------------------------------------
TEXT_VC                                                                         
--------------------------------------------------------------------------------
TYPE_TEXT_LENGTH                                                                
----------------                                                                
TYPE_TEXT                                                                       
--------------------------------------------------------------------------------
OID_TEXT_LENGTH                                                                 
---------------                                                                 
OID_TEXT                                                                        
--------------------------------------------------------------------------------
VIEW_TYPE_OWNER                                                                 
--------------------------------------------------------------------------------
VIEW_TYPE                                                                       
--------------------------------------------------------------------------------
SUPERVIEW_NAME                                                                  
--------------------------------------------------------------------------------
E R C BEQUEATH     ORIGIN_CON_ID                                                
- - - ------------ -------------                                                
DEFAULT_COLLATION                                                               
--------------------------------------------------------------------------------
CON CON EXT EXT                                                                 
--- --- --- ---                                                                 
                                                                                

OWNER                                                                           
--------------------------------------------------------------------------------
VIEW_NAME                                                                       
--------------------------------------------------------------------------------
TEXT_LENGTH                                                                     
-----------                                                                     
TEXT                                                                            
--------------------------------------------------------------------------------
TEXT_VC                                                                         
--------------------------------------------------------------------------------
TYPE_TEXT_LENGTH                                                                
----------------                                                                
TYPE_TEXT                                                                       
--------------------------------------------------------------------------------
OID_TEXT_LENGTH                                                                 
---------------                                                                 
OID_TEXT                                                                        
--------------------------------------------------------------------------------
VIEW_TYPE_OWNER                                                                 
--------------------------------------------------------------------------------
VIEW_TYPE                                                                       
--------------------------------------------------------------------------------
SUPERVIEW_NAME                                                                  
--------------------------------------------------------------------------------
E R C BEQUEATH     ORIGIN_CON_ID                                                
- - - ------------ -------------                                                
DEFAULT_COLLATION                                                               
--------------------------------------------------------------------------------
CON CON EXT EXT                                                                 
--- --- --- ---                                                                 
N N N DEFINER                  3                                                

OWNER                                                                           
--------------------------------------------------------------------------------
VIEW_NAME                                                                       
--------------------------------------------------------------------------------
TEXT_LENGTH                                                                     
-----------                                                                     
TEXT                                                                            
--------------------------------------------------------------------------------
TEXT_VC                                                                         
--------------------------------------------------------------------------------
TYPE_TEXT_LENGTH                                                                
----------------                                                                
TYPE_TEXT                                                                       
--------------------------------------------------------------------------------
OID_TEXT_LENGTH                                                                 
---------------                                                                 
OID_TEXT                                                                        
--------------------------------------------------------------------------------
VIEW_TYPE_OWNER                                                                 
--------------------------------------------------------------------------------
VIEW_TYPE                                                                       
--------------------------------------------------------------------------------
SUPERVIEW_NAME                                                                  
--------------------------------------------------------------------------------
E R C BEQUEATH     ORIGIN_CON_ID                                                
- - - ------------ -------------                                                
DEFAULT_COLLATION                                                               
--------------------------------------------------------------------------------
CON CON EXT EXT                                                                 
--- --- --- ---                                                                 
USING_NLS_COMP                                                                  

OWNER                                                                           
--------------------------------------------------------------------------------
VIEW_NAME                                                                       
--------------------------------------------------------------------------------
TEXT_LENGTH                                                                     
-----------                                                                     
TEXT                                                                            
--------------------------------------------------------------------------------
TEXT_VC                                                                         
--------------------------------------------------------------------------------
TYPE_TEXT_LENGTH                                                                
----------------                                                                
TYPE_TEXT                                                                       
--------------------------------------------------------------------------------
OID_TEXT_LENGTH                                                                 
---------------                                                                 
OID_TEXT                                                                        
--------------------------------------------------------------------------------
VIEW_TYPE_OWNER                                                                 
--------------------------------------------------------------------------------
VIEW_TYPE                                                                       
--------------------------------------------------------------------------------
SUPERVIEW_NAME                                                                  
--------------------------------------------------------------------------------
E R C BEQUEATH     ORIGIN_CON_ID                                                
- - - ------------ -------------                                                
DEFAULT_COLLATION                                                               
--------------------------------------------------------------------------------
CON CON EXT EXT                                                                 
--- --- --- ---                                                                 
NO  NO  NO  NO                                                                  

OWNER                                                                           
--------------------------------------------------------------------------------
VIEW_NAME                                                                       
--------------------------------------------------------------------------------
TEXT_LENGTH                                                                     
-----------                                                                     
TEXT                                                                            
--------------------------------------------------------------------------------
TEXT_VC                                                                         
--------------------------------------------------------------------------------
TYPE_TEXT_LENGTH                                                                
----------------                                                                
TYPE_TEXT                                                                       
--------------------------------------------------------------------------------
OID_TEXT_LENGTH                                                                 
---------------                                                                 
OID_TEXT                                                                        
--------------------------------------------------------------------------------
VIEW_TYPE_OWNER                                                                 
--------------------------------------------------------------------------------
VIEW_TYPE                                                                       
--------------------------------------------------------------------------------
SUPERVIEW_NAME                                                                  
--------------------------------------------------------------------------------
E R C BEQUEATH     ORIGIN_CON_ID                                                
- - - ------------ -------------                                                
DEFAULT_COLLATION                                                               
--------------------------------------------------------------------------------
CON CON EXT EXT                                                                 
--- --- --- ---                                                                 
                                                                                

SQL> SELECT OWNER,VIEW_NAME,USER FROM ALL_VIEWS
  2  WHERE VIEW_NAME LIKE 'VISTA2';

OWNER                                                                           
--------------------------------------------------------------------------------
VIEW_NAME                                                                       
--------------------------------------------------------------------------------
USER                                                                            
--------------------------------------------------------------------------------
ALU0100888157                                                                   
VISTA2                                                                          
ALU0100888157                                                                   
                                                                                

SQL> DROP VIEW VISTA1;

View dropped.

SQL> SELECT * FROM VISTA2;
SELECT * FROM VISTA2
              *
ERROR at line 1:
ORA-04063: view "ALU0100888157.VISTA2" has errors 


SQL> ROLLBACK
  2  SELECT * FROM VISTA1;
SELECT * FROM VISTA1
*
ERROR at line 2:
ORA-02181: invalid option to ROLLBACK WORK 


SQL> CREATE INDEX INDICE1
  2  ON PROFESOR(P);

Index created.

SQL> SELECT DNI FROM PROFESOR
  2  WHERE INDICE1='JUAN';
WHERE INDICE1='JUAN'
      *
ERROR at line 2:
ORA-00904: "INDICE1": invalid identifier 


SQL> SELECT INDICE1='JUAN';
SELECT INDICE1='JUAN'
              *
ERROR at line 1:
ORA-00923: FROM keyword not found where expected 


SQL> SELECT DNI FROM RPOFESOR WHERE P='JUAN';
SELECT DNI FROM RPOFESOR WHERE P='JUAN'
                *
ERROR at line 1:
ORA-00942: table or view does not exist 


SQL> SELECT DNI FROM PROFESOR WHERE P='JUAN';

       DNI                                                                      
----------                                                                      
      1111                                                                      

SQL> DROP INDEX INDICE1;

Index dropped.

SQL> CREATE INDEX INDICE2
  2  ON VISTA1(CAR);
ON VISTA1(CAR)
   *
ERROR at line 2:
ORA-00942: table or view does not exist 


SQL> GRANT SELECT ON DEPARTAMENTO TO ALUMNO;

Grant succeeded.

SQL> GRANT SELECT
  2  ON AREA,ASIGNATURA
  3  TO ALUMNO;
ON AREA,ASIGNATURA
       *
ERROR at line 2:
ORA-00905: missing keyword 


SQL> GRANT SELECT
  2  ON AREA
  3  TO ALUMNO;

Grant succeeded.

SQL> GRAN SELECT
SP2-0734: unknown command beginning "GRAN SELEC..." - rest of line ignored.
SQL> GRANT SELECT
  2  ON ASIGNATURA
  3  TO ALUMNO;

Grant succeeded.

SQL> GRANT SELECT
  2  ON TITULACION
  3  TO ALUMNO;

Grant succeeded.

SQL> GRANT INSERT,UPDATE,DELETE
  2  ON DEPARTAMENTO
  3  TO ALUMNO;

Grant succeeded.

SQL> GRANT INSERT,UPDATE,DELETE
  2  ON AREA
  3  TO ALUMNO;

Grant succeeded.

SQL> GRANT UPDATE
  2  ON ASIGNATURA TO ALUMNO;

Grant succeeded.

SQL> GRANT UPDATE
  2  ON TITULACION TO ALUMNO;

Grant succeeded.

SQL> COMMIT
  2  ;

Commit complete.

SQL> CONNECT ALUMNO/xxxxx
ERROR:
ORA-12162: TNS:net service name is incorrectly specified 


Warning: You are no longer connected to ORACLE.
SQL> CONNECT alumno/xxxxx
ERROR:
ORA-12162: TNS:net service name is incorrectly specified 


SQL> CONNECT ALUMNO
ERROR:
ORA-12162: TNS:net service name is incorrectly specified 


SQL> CONNECT ALUMNO
ERROR:
ORA-01017: invalid username/password; logon denied 


SQL> SPOOL OFF
