SQL> SELECT A
  2  FROM ASIGNATURA
  3  WHERE CAR IN (SELECT CAR
  4  FROM AREA
  5  WHERE AR LIKE '$A');

no rows selected

SQL> SELECT CAR
  2  FROM AREA;

       CAR                                                                      
----------                                                                      
         1                                                                      
         2                                                                      
         3                                                                      
         4                                                                      
         5                                                                      
         6                                                                      
         7                                                                      
         8                                                                      

8 rows selected.

SQL> SELECT AR
  2  FROM AREA;

AR                                                                              
------------------------------------------------------------                    
ALGEBRA                                                                         
ANALISIS MATEMATICO                                                             
ASTRONOMIA Y ASTROFISICA                                                        
CIENCIAS DE LA COMPUTACION E INTELIGENCIA ARTIFICIAL                            
DIDACTICA DE LA MATEMATICA                                                      
ESTADISTICA E INVESTIGACION OPERATIVA                                           
LENGUAJES Y SISTEMAS INFORMATICOS                                               
MATEMATICA APLICADA                                                             

8 rows selected.

SQL> SELECT A
  2  FROM ASIGNATURA
  3  WHERE CAR IN (SELECT CAR
  4  FROM AREA;
FROM AREA
        *
ERROR at line 4:
ORA-00907: missing right parenthesis 


SQL> SELECT A
  2  FROM ASIGNATURA
  3  WHERE CAR IN (SELECT CAR
  4  FROM AREA
  5  WHERE AR LIKE '%A');

A                                                                               
--------------------------------------------------                              
ALGEBRA                                                                         
ASTRONOMIA                                                                      
ENSENANZA DE LA MATEMATICA                                                      
OPTIMIZACION                                                                    
CALCULO                                                                         

SQL> SELECT A
  2  FROM ASIGNATURA
  3  WHERE A LIKE '% DATOS %'
  4  ;

no rows selected

SQL> SELECT A
  2  FROM ASIGNATURA
  3  WHERE A='%DATOS%'
  4  ;

no rows selected

SQL> SELECT A
  2  FROM ASIGNATURA
  3  WHERE A LIKE '%\sDATOS\s%';

no rows selected

SQL> SELECT A
  2  FROM ASIGNATURA
  3  WHERE A LIKE '%DATOS%'
  4  ;

A                                                                               
--------------------------------------------------                              
BASES DE DATOS                                                                  
ALMACENES DE DATOS                                                              
MINERIA DE DATOS                                                                

SQL> SELECT DNI
  2  FROM PROFESOR
  3  WHERE P LIKE '__R%';

       DNI                                                                      
----------                                                                      
      2222                                                                      
      4444                                                                      
      6666                                                                      
      7777                                                                      

SQL> SELECT DISTINCT DNI
  2  FROM PROFESOR
  3  WHERE P<=5;
WHERE P<=5
      *
ERROR at line 3:
ORA-01722: invalid number 


SQL> SELECT DISTINCT DNI
  2  FROM PROFESOR
  3  WHERE P LIKE '_____';

       DNI                                                                      
----------                                                                      
      3333                                                                      
      4444                                                                      
      7777                                                                      
      1010                                                                      

SQL> SELECT DISTINCT DNI
  2  FROM PROFESOR
  3  WHERE P NOT LIKE '______%';

       DNI                                                                      
----------                                                                      
      1111                                                                      
      3333                                                                      
      4444                                                                      
      5555                                                                      
      7777                                                                      
      1010                                                                      

6 rows selected.

SQL> SELECT DISTINCT DNI
  2  FROM PROFESOR
  3  WHERE LENGTH(P) > 4;

       DNI                                                                      
----------                                                                      
      2222                                                                      
      3333                                                                      
      4444                                                                      
      6666                                                                      
      7777                                                                      
      8888                                                                      
      9999                                                                      
      1010                                                                      
      2020                                                                      
      3030                                                                      

10 rows selected.

SQL> SELECT P
  2  FROM PROFESOR
  3  WHERE DNI IN (SELECT DNI
  4  FROM PLAN_DOCENTE
  5  WHERE FF='NULL');
WHERE FF='NULL')
         *
ERROR at line 5:
ORA-01858: a non-numeric character was found where a numeric was expected 


SQL> SELECT P
  2  FROM PROFESOR
  3  WHERE DNI IN (SELECT DNI
  4  FROM PLAN_DOCENTE
  5  WHERE FF IS 'NULL');
WHERE FF IS 'NULL')
            *
ERROR at line 5:
ORA-00908: missing NULL keyword 


SQL> SELECT P
  2  FROM PROFESOR
  3  WHERE DNI IN (SELECT DNI
  4  FROM PLAN_DOCENTE
  5  WHERE FF IS NULL);

P                                                                               
------------------------------------------------------------                    
DAVID                                                                           
JUAN                                                                            
SOLEDAD                                                                         
CARLOS                                                                          
JOSE MANUEL                                                                     
PEDRO                                                                           
MARIA                                                                           
IVAN                                                                            
MARIO                                                                           
FRANCISCO                                                                       
ANGELA                                                                          

11 rows selected.

SQL> SELECT P
  2  FROM PROFESOR
  3  WHERE DNI IN (SELECT DNI
  4  FROM PLAN_DOCENTE
  5  WHERE CAS=8 AND FF IS NOT NULL);

P                                                                               
------------------------------------------------------------                    
JUAN                                                                            

SQL> 
SQL> SELECT *
  2  FROM PLAN_DOCENTE
  3  ORDER BY FF DESC
  4  ;

       DNI        CAS        CTA        CPA        CLA FI        FF             
---------- ---------- ---------- ---------- ---------- --------- ---------      
      4444          1          3        1.5        1.5 01-SEP-11                
      3333          2        1.5        1.5          3 01-SEP-08                
      7777         12        4.5          3          0 01-SEP-10                
      2020          3        1.5          0        1.5 01-SEP-08                
      8888         11          6          0          0 01-SEP-09                
      5555          6          3          3          0 31-MAR-10                
      9999          7          3          3          0 01-SEP-10                
      4444          5          3          0          0 01-SEP-10                
      1111          8          3          0          0 01-SEP-09                
      3030          8          0        1.5        1.5 01-SEP-09                
      2222          4        1.5          0        1.5 01-SEP-09                

       DNI        CAS        CTA        CPA        CLA FI        FF             
---------- ---------- ---------- ---------- ---------- --------- ---------      
      3333          9        1.5          0        1.5 01-SEP-09                
      1010          9        1.5          0        1.5 01-SEP-09                
      6666         10          3        1.5        1.5 01-SEP-08 31-AUG-11      
      4444          4        1.5          0        1.5 01-SEP-08 31-AUG-10      
      1010          9          3          0          3 01-SEP-08 31-AUG-09      
      1111          8          3        1.5        1.5 01-SEP-07 31-AUG-09      
      1010          2        1.5        1.5          3 01-SEP-05 31-AUG-08      
      2222          3        1.5          0        1.5 01-SEP-06 31-AUG-07      

19 rows selected.

SQL> SELECT *
  2  FROM PLAN_DOCENTE
  3  ORDER BY FF ASC
  4  ;

       DNI        CAS        CTA        CPA        CLA FI        FF             
---------- ---------- ---------- ---------- ---------- --------- ---------      
      2222          3        1.5          0        1.5 01-SEP-06 31-AUG-07      
      1010          2        1.5        1.5          3 01-SEP-05 31-AUG-08      
      1010          9          3          0          3 01-SEP-08 31-AUG-09      
      1111          8          3        1.5        1.5 01-SEP-07 31-AUG-09      
      4444          4        1.5          0        1.5 01-SEP-08 31-AUG-10      
      6666         10          3        1.5        1.5 01-SEP-08 31-AUG-11      
      1010          9        1.5          0        1.5 01-SEP-09                
      9999          7          3          3          0 01-SEP-10                
      5555          6          3          3          0 31-MAR-10                
      8888         11          6          0          0 01-SEP-09                
      2020          3        1.5          0        1.5 01-SEP-08                

       DNI        CAS        CTA        CPA        CLA FI        FF             
---------- ---------- ---------- ---------- ---------- --------- ---------      
      7777         12        4.5          3          0 01-SEP-10                
      3333          9        1.5          0        1.5 01-SEP-09                
      2222          4        1.5          0        1.5 01-SEP-09                
      3030          8          0        1.5        1.5 01-SEP-09                
      1111          8          3          0          0 01-SEP-09                
      4444          5          3          0          0 01-SEP-10                
      4444          1          3        1.5        1.5 01-SEP-11                
      3333          2        1.5        1.5          3 01-SEP-08                

19 rows selected.

SQL> SELECT P
  2  FROM PROFESOR
  3  WHERE DNI = (SELECT DNI
  4  FROM PLAN_DOCENTE
  5  WHERE CAS = (SELECT CAS
  6  FROM ASIGNATURA
  7  WHERE A='OPTIMIZACION'));
WHERE DNI = (SELECT DNI
             *
ERROR at line 3:
ORA-01427: single-row subquery returns more than one row 


SQL> SELECT P
  2  FROM PROFESOR
  3  WHERE DNI IN (SELECT DNI
  4  FROM PLAN_DOCENTE
  5  WHERE CAS IN (SELECT CAS
  6  FROM ASIGNATURA
  7  WHERE A LIKE 'OPTIMIZACION'));

P                                                                               
------------------------------------------------------------                    
JUAN                                                                            
JOSE MANUEL                                                                     

SQL> SELECT P
  2  FROM PROFESOR
  3  WHERE DNI IN (SELECT DNI
  4  FROM PLAN_DOCENTE
  5  WHERE CAS IN (SELECT CAS
  6  FROM ASIGNATURA
  7  WHERE A LIKE 'OPTIMIZACION' AND T LIKE 'GII'));

no rows selected

SQL> SELECT T
  2  FROM ASIGNATURA;

T                                                                               
----                                                                            
GII                                                                             
GII                                                                             
MII                                                                             
MII                                                                             
GII                                                                             
GII                                                                             
GII                                                                             
GII                                                                             
GII                                                                             
GF                                                                              
GM                                                                              

T                                                                               
----                                                                            
GM                                                                              

12 rows selected.

SQL> SELECT T,A
  2  FROM ASIGNATURA;

T    A                                                                          
---- --------------------------------------------------                         
GII  BASES DE DATOS                                                             
GII  INTELIGENCIA ARTIFICIAL                                                    
MII  ALMACENES DE DATOS                                                         
MII  MINERIA DE DATOS                                                           
GII  INFORMATICA BASICA                                                         
GII  ALGEBRA                                                                    
GII  CALCULO                                                                    
GII  OPTIMIZACION                                                               
GII  GESTION DE RIESGOS                                                         
GF   ASTRONOMIA                                                                 
GM   ENSENANZA DE LA MATEMATICA                                                 

T    A                                                                          
---- --------------------------------------------------                         
GM   ANALISIS COMPLEJO                                                          

12 rows selected.

SQL> SELECT P
  2  FROM PROFESOR
  3  WHERE DNI IN (SELECT DNI
  4  FROM PLAN_DOCENTE
  5  WHERE CAS IN (SELECT CAS
  6  FROM ASIGNATURA;
FROM ASIGNATURA
              *
ERROR at line 6:
ORA-00907: missing right parenthesis 


SQL> SELECT P
  2  FROM PROFESOR
  3  WHERE DNI IN (SELECT DNI
  4  FROM PLAN_DOCENTE
  5  WHERE CAS IN (SELECT CAS
  6  FROM ASIGNATURA
  7  WHERE (A='OPTIMIZACION') AND (T='GII')));

P                                                                               
------------------------------------------------------------                    
JUAN                                                                            
JOSE MANUEL                                                                     

SQL> SELECT P
  2    2  FROM PROFESOR
  3    3  WHERE DNI IN (SELECT DNI
  4    4  FROM PLAN_DOCENTE
  5    5  WHERE CAS IN (SELECT CAS
  6    6  FROM ASIGNATURA
  7  WHERE (A='OPTIMIZACION') AND (T='GII')));
  2  FROM PROFESOR
  *
ERROR at line 2:
ORA-00923: FROM keyword not found where expected 


SQL> SELECT P
  2  FROM PROFESOR
  3  WHERE DNI IN (SELECT DNI
  4  FROM PLAN_DOCENTE
  5  WHERE CAS IN (SELECT CAS
  6  FROM ASIGNATURA
  7  WHERE (A='OPTIMIZACION') AND (T='GII'))) ORDER BY P ASC;

P                                                                               
------------------------------------------------------------                    
JOSE MANUEL                                                                     
JUAN                                                                            

SQL> SELECT P
  2  FROM PROFESOR
  3  WHERE CAR IN (SELECT CAR
  4  
SQL> SELECT P
  2  FROM PROFESOR
  3  WHERE CAR IN (SELECT CAR
  4  FROM AREA
  5  WHERE CD IN (SELECT CD
  6  FROM DEPARTAMENTO
  7  WHERE D='MATEMATICA FUNDAMENTAL'))ORDER BY P DESC;

P                                                                               
------------------------------------------------------------                    
IVAN                                                                            

SQL> SELECT A
  2  FROM ASIGNATURA
  3  WHERE CAS IN (SELECT CAS
  4  FROM PLAN_DOCENTE
  5  WHERE (DNI=1010) AND (FF IS NULL));

A                                                                               
--------------------------------------------------                              
GESTION DE RIESGOS                                                              

SQL> SELECT A
  2  FROM ASIGNATURA
  3  WHERE CAS IN (SELECT CAS
  4  FROM PLAN_DOCENTE
  5  WHERE (FF IS NULL) AND (DNI IN (SELECT DNI
  6  FROM PROFESOR
  7  WHERE P='DAVID')));

A                                                                               
--------------------------------------------------                              
GESTION DE RIESGOS                                                              

SQL> SELECT AR
  2  FROM AREA
  3  WHERE CD IN (SELECT CD
  4  FROM DEPARTAMENTO
  5  WHERE D='ESTADISTICA, INVESTIGAION OPERATIVA Y COMPUTACION');

no rows selected

SQL> SELECT D
  2  FROM DEPARTAMENTO;

D                                                                               
------------------------------------------------------------                    
ANALISIS MATEMATICO                                                             
ASTROFISICA                                                                     
ESTADISTICA, INVESTIGACION OPERATIVA Y COMPUTACION                              
MATEMATICA FUNDAMENTAL                                                          

SQL> SELECT AR
  2  FROM AREA
  3  WHERE CD IN (SELECT CD
  4  FROM DEPARTAMENTO;
FROM DEPARTAMENTO
                *
ERROR at line 4:
ORA-00907: missing right parenthesis 


SQL> SELECT AR
  2  FROM AREA
  3  WHERE CD IN (SELECT CD
  4  FROM DEPARTAMENTO
  5  WHERE D='ESTADISTICA, INVESTIGACION OPERATIVA Y COMPUTACION');

AR                                                                              
------------------------------------------------------------                    
CIENCIAS DE LA COMPUTACION E INTELIGENCIA ARTIFICIAL                            
ESTADISTICA E INVESTIGACION OPERATIVA                                           
LENGUAJES Y SISTEMAS INFORMATICOS                                               

SQL> SELECT A
  2  FROM ASIGNATURA
  3  WHERE CAS IN (SELECT CAS
  4  FROM PLAN_DOCENTE
  5  WHERE (FF IS NULL) AND (DNI IN (SELECT DNI
  6  FROM PROFESOR
  7  WHERE CAT='CU')));

A                                                                               
--------------------------------------------------                              
OPTIMIZACION                                                                    
ALMACENES DE DATOS                                                              

SQL> SELECT A
  2  FROM ASIGNATURA
  3  WHERE CAS IN (SELECT CAS
  4  FROM PLAN_DOCENTE
  5  WHERE (FF IS NOT NULL) AND (DNI IN (SELECT DNI
  6  FROM PROFESOR
  7  WHERE CAT='CU')));

A                                                                               
--------------------------------------------------                              
OPTIMIZACION                                                                    

SQL> SELECT A
  2  FROM ASIGNATURA
  3  WHERE CAR IN (SELECT CAR
  4  FROM AREA
  5  WHERE (AR='LENGUAJES Y SISTEMAS INFORMATICOS') OR (AR='CIENCIAS DE LA COMPUTACION E INTELIGENCIA ARTIFICIAL'));

A                                                                               
--------------------------------------------------                              
GESTION DE RIESGOS                                                              
INTELIGENCIA ARTIFICIAL                                                         
INFORMATICA BASICA                                                              
MINERIA DE DATOS                                                                
ALMACENES DE DATOS                                                              
BASES DE DATOS                                                                  

6 rows selected.

SQL> SPOOL OFF
