SQL> SELECT SYSDATE FROM DUAL;

SYSDATE                                                                         
---------                                                                       
28-NOV-17                                                                       

SQL> SELECT TO_CHAR (SYSDATE ,'HH:MM:SS') FROM DUAL;

TO_CHAR(                                                                        
--------                                                                        
05:11:21                                                                        

SQL> SELECT TO_CHAR (SYSDATE,'DAY:DD:MON:YY') FROM DUAL;

TO_CHAR(SYSDATE,'DAY:DD:MON:YY')                                                
-------------------------------------------------------                         
TUESDAY  :28:NOV:17                                                             

SQL> SELECT TO_CHAR(SYSDATE,'HH:MI:SS') FROM DUAL;

TO_CHAR(                                                                        
--------                                                                        
05:05:49                                                                        

SQL> SELECT TO_CHAR(SYSDATE,'HH:MI:SS') FROM DUAL;

TO_CHAR(                                                                        
--------                                                                        
05:06:04                                                                        

SQL> SELECT TO_CHAR(SYSDATE,'HH:MI:SS')
  2  FROM DUAL;

TO_CHAR(                                                                        
--------                                                                        
05:06:13                                                                        

SQL> CURRENT_TIMESTAMP;
SP2-0734: unknown command beginning "CURRENT_TI..." - rest of line ignored.
SQL> CURRENT_TIMESTAMP FROM DUAL;
SP2-0734: unknown command beginning "CURRENT_TI..." - rest of line ignored.
SQL> 5
SP2-0226: Invalid line number 
SQL> SELECT (SELECT SYSDATE FROM DUAL)-FI
  2  FROM PLAN_DOCENTE
  3  WHERE DNI=8888;

(SELECTSYSDATEFROMDUAL)-FI                                                      
--------------------------                                                      
                3010.71427                                                      

SQL> SELECT P
  2  FROM PROFESOR
  3  WHERE DNI IN (SELECT DNI FROM PLAN_DOCENTE
  4  WHERE (SELECT SYSDATE FROM DUAL) -FI >365);

P                                                                               
------------------------------------------------------------                    
DAVID                                                                           
JUAN                                                                            
SOLEDAD                                                                         
CARLOS                                                                          
JOSE MANUEL                                                                     
PEDRO                                                                           
MARIA                                                                           
IVAN                                                                            
CARMEN                                                                          
MARIO                                                                           
FRANCISCO                                                                       

P                                                                               
------------------------------------------------------------                    
ANGELA                                                                          

12 rows selected.

SQL> 7
SP2-0226: Invalid line number 
SQL> SELECT COUNT(P)
  2  FROM PROFESOR
  3  WHERE CAR IN (SELECT CAR
  4  FROM AREA
  5  WHERE CD IN (SELECT CD
  6  FROM DEPARTAMENTO
  7  WHERE D='ASTROFISICA'));

  COUNT(P)                                                                      
----------                                                                      
         1                                                                      

SQL> SELECT D, COUNT(DNI)
  2  FROM DEPARTAMENTO,PROFESOR,AREA
  3  WHERE (DEPARTAMENTO.CD=AREA.CD AND PROFESOR.CAR=AREA.CAR)
  4  GROUP BY D
  5  ORDER BY D;

D                                                            COUNT(DNI)         
------------------------------------------------------------ ----------         
ANALISIS MATEMATICO                                                   3         
ASTROFISICA                                                           1         
ESTADISTICA, INVESTIGACION OPERATIVA Y COMPUTACION                    7         
MATEMATICA FUNDAMENTAL                                                1         

SQL> SELECT T
  2  FROM ASIGNATURA
  3  WHERE CAR IN (SELECT CAR
  4  FROM AREA
  5  WHERE CD IN (SELECT CD
  6  FROM DEPARTAMENTO
  7  WHERE D='ESTADISTICA, INVESTIGACION OPERATIVA Y COMPUTACION'));

T                                                                               
----                                                                            
GII                                                                             
GII                                                                             
GII                                                                             
GII                                                                             
MII                                                                             
MII                                                                             
GII                                                                             

7 rows selected.

SQL> SELECT DISTINCT T
  2  FROM ASIGNATURA
  3  WHERE CAR IN (SELECT CAR
  4  FROM AREA
  5  WHERE CD IN (SELECT CD
  6  FROM DEPARTAMENTO
  7  WHERE D='ESTADISTICA, INVESTIGACION OPERATIVA Y COMPUTACION'));

T                                                                               
----                                                                            
GII                                                                             
MII                                                                             

SQL> SELECT DISTINCT COUNT(T)
  2  FROM ASIGNATURA
  3  WHERE CAR IN (SELECT CAR
  4  FROM AREA
  5  WHERE CD IN (SELECT CD
  6  FROM DEPARTAMENTO
  7  WHERE D='ESTADISTICA, INVESTIGACION OPERATIVA Y COMPUTACION'));

  COUNT(T)                                                                      
----------                                                                      
         7                                                                      

SQL>  SELECT DISTINCT COUNT(T)
  2    2  FROM ASIGNATURA
  3    3  WHERE CAR IN (SELECT CAR
  4    4  FROM AREA
  5    5  WHERE CD IN (SELECT CD
  6    6  FROM DEPARTAMENTO
  7    7  WHERE D='ESTADISTICA, INVESTIGACION OPERATIVA Y COMPUTACION')); SELECT DISTINCT COUNT(T)
  8    2  FROM ASIGNATURA
  9    3  WHERE CAR IN (SELECT CAR
 10    4  FROM AREA
 11    5  WHERE CD IN (SELECT CD
 12    6  FROM DEPARTAMENTO
 13    7  WHERE D='ESTADISTICA, INVESTIGACION OPERATIVA Y COMPUTACION'));
  2  FROM ASIGNATURA
  *
ERROR at line 2:
ORA-00923: FROM keyword not found where expected 


SQL> SELECT DISTINCT COUNT(T)
  2    2  FROM ASIGNATURA
  3    3  WHERE CAR IN (SELECT CAR
  4    4  FROM AREA
  5    5  WHERE CD IN (SELECT CD
  6    6  FROM DEPARTAMENTO
  7    7  WHERE D='ESTADISTICA, INVESTIGACION OPERATIVA Y COMPUTACION'));
  2  FROM ASIGNATURA
  *
ERROR at line 2:
ORA-00923: FROM keyword not found where expected 


SQL> SELECT DISTINCT COUNT(T)
  2  FROM ASIGNATURA WHERE CAS IN (SELECT CAS FROM AREA,DEPARTAMENTO
  3  WHERE AREA.CD=DEPARTAMENTO.CD AND D='ESTADISTICA, INVESTIGACION OPERATIVA Y COMPUTACION');

  COUNT(T)                                                                      
----------                                                                      
        12                                                                      

SQL> SELECT COUNT( DISTINCT T)
  2  FROM ASIGNATURA
  3  WHERE CAR IN (SELECT CAR
  4  FROM AREA
  5  WHERE CD IN (SELECT CD
  6  FROM DEPARTAMENTO
  7  WHERE D='ESTADISTICA, INVESTIGACION OPERATIVA Y COMPUTACION'));

COUNT(DISTINCTT)                                                                
----------------                                                                
               2                                                                

SQL> SELECT COUNT(P)
  2  FROM PROFESOR
  3  WHERE CAR IN (SELECT CAR
  4  FROM AREA
  5  WHERE CAR LIKE 'A%');

  COUNT(P)                                                                      
----------                                                                      
         0                                                                      

SQL> SELECT COUNT(P)
  2  FROM PROFESOR,AREA
  3  WHERE (PROFESOR.CAR=AREA.CAR) AND (AR LIKE 'A%)
  4  GROUP BY AR;
ERROR:
ORA-01756: quoted string not properly terminated 


SQL> SELECT COUNT(P)
  2  FROM PROFESOR,AREA
  3  WHERE (PROFESOR.CAR=AREA.CAR) AND (AR LIKE 'A%)
  4  ;
ERROR:
ORA-01756: quoted string not properly terminated 


SQL> SELECT COUNT(P)
  2  FROM PROFESOR,AREA
  3  WHERE (PROFESOR.CAR=AREA.CAR) AND (AR LIKE 'A%')
  4  GROUP BY AR;

  COUNT(P)                                                                      
----------                                                                      
         1                                                                      
         1                                                                      
         1                                                                      

SQL> SELECT COUNT(P)
  2  FROM PROFESOR,AREA
  3  WHERE (PROFESOR.CAR=AREA.CAR) AND (AR LIKE 'A%');

  COUNT(P)                                                                      
----------                                                                      
         3                                                                      

SQL> SELECT T, COUNT(CAS)
  2  FROM ASIGNATURA
  3  
SQL> SELECT DISTINCT T, COUNT(CAS)
  2  FROM ASIGNATURA
  3  ORDER BY T
  4  GROUP BY T;
GROUP BY T
*
ERROR at line 4:
ORA-00933: SQL command not properly ended 


SQL> SELECT T, COUNT(CAS)
  2  FROM ASIGNATURA
  3  GROUP BY T
  4  ORDER BY T
  5  ;

T    COUNT(CAS)                                                                 
---- ----------                                                                 
GF            1                                                                 
GII           7                                                                 
GM            2                                                                 
MII           2                                                                 

SQL> SELECT A
  2  FROM ASIGNATURA
  3  
SQL> 
SQL> SELECT A
  2  FROM ASIGNATURA
  3  WHERE CT IN (SELECT MAX(CT) FROM ASIGNATURA);

A                                                                               
--------------------------------------------------                              
ENSENANZA DE LA MATEMATICA                                                      

SQL> SELECT A
  2  FROM ASIGNATURA
  3  WHERE CT IN (SELECT MIN(CT) FROM ASIGNATURA);

A                                                                               
--------------------------------------------------                              
INTELIGENCIA ARTIFICIAL                                                         
ALMACENES DE DATOS                                                              
MINERIA DE DATOS                                                                

SQL> SELECT A, (CT+CP+CL)
  2  FROM ASIGNATURA
  3  ;

A                                                  (CT+CP+CL)                   
-------------------------------------------------- ----------                   
BASES DE DATOS                                              6                   
INTELIGENCIA ARTIFICIAL                                     6                   
ALMACENES DE DATOS                                          3                   
MINERIA DE DATOS                                            3                   
INFORMATICA BASICA                                          6                   
ALGEBRA                                                     6                   
CALCULO                                                     6                   
OPTIMIZACION                                                6                   
GESTION DE RIESGOS                                          6                   
ASTRONOMIA                                                  6                   
ENSENANZA DE LA MATEMATICA                                  6                   

A                                                  (CT+CP+CL)                   
-------------------------------------------------- ----------                   
ANALISIS COMPLEJO                                         7.5                   

12 rows selected.

SQL> SELECT A
  2  FROM ASIGNATURA
  3  WHERE CP+CL+CT IN (SELECT MAX(CP+CL+CT) FROM ASIGNATURA);

A                                                                               
--------------------------------------------------                              
ANALISIS COMPLEJO                                                               

SQL> SELECT A
  2  FROM ASIGNATURA
  3  WHERE CP+CL+CT IN (SELECT MIN(CP+CL+CT) FROM ASIGNATURA);

A                                                                               
--------------------------------------------------                              
ALMACENES DE DATOS                                                              
MINERIA DE DATOS                                                                

SQL> SELECT AR
  2  FROM AREA
  3  WHERE CAR IN (SELECT CAR
  4  FROM ASIGNATURA
  5  WHERE A IN (SELECT A
  6  FROM ASIGNATURA
  7  WHERE CT+CP+CL IN (SELECT MAX(CT+CP+CL) FROM ASIGNATURA)));

AR                                                                              
------------------------------------------------------------                    
ANALISIS MATEMATICO                                                             

SQL> SELECT COUNT(CAS)
  2  FROM PLAN_DOCENTE
  3  WHERE DNI=8888 AND FF IS NULL;

COUNT(CAS)                                                                      
----------                                                                      
         1                                                                      

SQL> SELECT CT+CP+CL
  2  FROM ASIGNATURA
  3  WHERE CAS IN (SELECT CAS
  4  FROM PLAN_DOCENTE
  5  WHERE DNI=8888 AND FF IS NULL);

  CT+CP+CL                                                                      
----------                                                                      
         6                                                                      

SQL> SELECT P
  2  FROM PROFESOR
  3  WHERE CAR IN (SELECT CAR
  4  FROM ASIGNATURA
  5  WHERE CT+CP
  6  
SQL> SELECT P
  2  FROM PROFESOR
  3  WHERE DNI IN (SELECT DNI
  4  FROM PLAN_DOCENTE
  5  WHERE (FF IS NULL) AND (CTA+CPA+CLA IN (SELECT MAX(CPA+CTA+CLA) FROM PLAN_DOCENTE)));

P                                                                               
------------------------------------------------------------                    
MARIO                                                                           

SQL> SELECT AVG(COUNT(A))
  2  FROM ASIGNATURA
  3  GROUP BY CAR;

AVG(COUNT(A))                                                                   
-------------                                                                   
          1.5                                                                   

SQL> SELECT AVG(COUNT(P))
  2  FROM PROFESOR
  3  WHERE CAR IN (SELECT CAR
  4  FROM AREA
  5  GROUP BY CD);
WHERE CAR IN (SELECT CAR
                     *
ERROR at line 3:
ORA-00979: not a GROUP BY expression 


SQL> SELECT AVG(COUNT(P))
  2  FROM PROFESOR,AREA
  3  WHERE PROFESOR.CAR=AREA.CAR
  4  GROUP BY CD;

AVG(COUNT(P))                                                                   
-------------                                                                   
            3                                                                   

SQL> SELECT AR
  2  FROM AREA
  3  WHERE CAR IN (SELECT CAR
  4  FROM ASIGNATURA
  5  WHERE (SELECT COUNT(CAS)
  6  FROM ASIGNATURA
  7  
SQL> 
SQL> 
SQL> SELECT AR FROM AREA
  2  WHERE CAR IN
  3  (SELECT CAR FROM ASIGNATURA
  4  GROUP BY CAR
  5  HAVING COUNT(CAR)>3);

AR                                                                              
------------------------------------------------------------                    
LENGUAJES Y SISTEMAS INFORMATICOS                                               

SQL> SELECT AR FROM AREA
  2  WHERE CAR IN
  3  (SELECT CAR FROM ASIGNATURA
  4  GROUP BY CAR
  5  HAVING COUNT(CAR)>6);

no rows selected

SQL> SELECT D
  2  FROM DEPARTAMENTO,AREA,PROFESOR
  3  WHERE DEPARTAMENTO.CD=AREA.CD AND AREA.CAR=PROFESOR.CAR
  4  GROUP BY D
  5  HAVING COUNT(DNI)=(SELECT MIN(COUNT(DNI))
  6  FROM DEPARTAMENTO,AREA,PROFESOR
  7  WHERE DEPARTAMENTO.CD=AREA.CD AND AREA.CAR=PROFESOR.CAR
  8  GROUP BY D);

D                                                                               
------------------------------------------------------------                    
ASTROFISICA                                                                     
MATEMATICA FUNDAMENTAL                                                          

SQL> SPOOL OFF
SQL> 18
SP2-0223: No lines in SQL buffer.
SQL> SELECT COUNT(SISTINCT(CAS))
  2  FROM PLAN_DOCENTE
  3  WHERE DNI='1111';
SELECT COUNT(SISTINCT(CAS))
             *
ERROR at line 1:
ORA-00904: "SISTINCT": invalid identifier 


SQL> SELECT COUNT(DISTINCT(CAS))
  2  FROM PLAN_DOCENTE
  3  WHERE DNI='1111';

COUNT(DISTINCT(CAS))                                                            
--------------------                                                            
                   1                                                            

SQL> SELECT (CT+CP+CL)
  2  FROM ASIGNATURA
  3  WHERE CAS (SELECT CAS
  4  FROM PLAN_DOCENTE
  5  WHERE DNI='1111');
WHERE CAS (SELECT CAS
           *
ERROR at line 3:
ORA-00936: missing expression 


SQL> SELECT (CT+CP+CL)
  2  FROM ASIGNATURA
  3  WHERE CAS IN (SELECT CAS
  4  FROM PLAN_DOCENTE
  5  WHERE DNI='1111');

(CT+CP+CL)                                                                      
----------                                                                      
         6                                                                      

SQL> SELECT CTA+CPA+CLA
  2  FROM PLAN_DOCENTE
  3  WHERE DNI='1111';

CTA+CPA+CLA                                                                     
-----------                                                                     
          6                                                                     
          3                                                                     

SQL> SELECT SUM(CTA+CPA+CLA)
  2  FROM PLAN_DOCENTE
  3  WHERE DNI='1111';

SUM(CTA+CPA+CLA)                                                                
----------------                                                                
               9                                                                

SQL> EXIT
